Neuromorphic SCA: EONS Training
Loading dataset from ../ATMEGA-AES-ASCAD_databases/ascad_modulated.h5...
Dataset loaded! Traces: 6000, Length: 700
Initializing engine...

>>> SUCCESS: 4 checkpoints found! Injecting seeds...

Generation 0 | Best Fitness: 0.509999 | Neurons (hidden): 34 | Synapses: 46
Generation 1 | Best Fitness: 0.509999 | Neurons (hidden): 34 | Synapses: 46
Generation 2 | Best Fitness: 0.509999 | Neurons (hidden): 34 | Synapses: 46
Generation 3 | Best Fitness: 0.509999 | Neurons (hidden): 34 | Synapses: 46
Generation 4 | Best Fitness: 0.509999 | Neurons (hidden): 34 | Synapses: 46
Generation 5 | Best Fitness: 0.509999 | Neurons (hidden): 34 | Synapses: 46
Generation 6 | Best Fitness: 0.509999 | Neurons (hidden): 34 | Synapses: 46
Generation 7 | Best Fitness: 0.509999 | Neurons (hidden): 34 | Synapses: 46
Generation 8 | Best Fitness: 0.509999 | Neurons (hidden): 34 | Synapses: 46
Generation 9 | Best Fitness: 0.509999 | Neurons (hidden): 34 | Synapses: 46
Generation 10 | Best Fitness: 0.509999 | Neurons (hidden): 34 | Synapses: 46
Generation 11 | Best Fitness: 0.509999 | Neurons (hidden): 34 | Synapses: 46
Generation 12 | Best Fitness: 0.509999 | Neurons (hidden): 34 | Synapses: 46
Generation 13 | Best Fitness: 0.509999 | Neurons (hidden): 34 | Synapses: 46
Generation 14 | Best Fitness: 0.509999 | Neurons (hidden): 34 | Synapses: 46
Generation 15 | Best Fitness: 0.509999 | Neurons (hidden): 34 | Synapses: 46
Generation 16 | Best Fitness: 0.509999 | Neurons (hidden): 34 | Synapses: 46
Generation 17 | Best Fitness: 0.509999 | Neurons (hidden): 34 | Synapses: 46
Generation 18 | Best Fitness: 0.509999 | Neurons (hidden): 34 | Synapses: 46
Generation 19 | Best Fitness: 0.509999 | Neurons (hidden): 34 | Synapses: 46
Generation 20 | Best Fitness: 0.509999 | Neurons (hidden): 34 | Synapses: 46
Generation 21 | Best Fitness: 0.509999 | Neurons (hidden): 34 | Synapses: 46
Generation 22 | Best Fitness: 0.509999 | Neurons (hidden): 34 | Synapses: 46
Generation 23 | Best Fitness: 0.509999 | Neurons (hidden): 34 | Synapses: 46
Generation 24 | Best Fitness: 0.509999 | Neurons (hidden): 34 | Synapses: 46
Generation 25 | Best Fitness: 0.509999 | Neurons (hidden): 34 | Synapses: 46
Generation 26 | Best Fitness: 0.509999 | Neurons (hidden): 34 | Synapses: 46
Generation 27 | Best Fitness: 0.509999 | Neurons (hidden): 34 | Synapses: 46
Generation 28 | Best Fitness: 0.509999 | Neurons (hidden): 34 | Synapses: 46
Generation 29 | Best Fitness: 0.509999 | Neurons (hidden): 34 | Synapses: 46
Generation 30 | Best Fitness: 0.509999 | Neurons (hidden): 34 | Synapses: 46
Exported network: 43 neurons -> network-csvs/seed_1_neurons.csv, 46 synapses -> network-csvs/seed_1_synapses.csv
  [!] Checkpoint saved/overwritten successfully: network-csvs/seed_1
Generation 31 | Best Fitness: 0.509999 | Neurons (hidden): 34 | Synapses: 46
Generation 32 | Best Fitness: 0.509999 | Neurons (hidden): 34 | Synapses: 46
Generation 33 | Best Fitness: 0.509999 | Neurons (hidden): 34 | Synapses: 46
Generation 34 | Best Fitness: 0.509999 | Neurons (hidden): 34 | Synapses: 46
Generation 35 | Best Fitness: 0.509999 | Neurons (hidden): 34 | Synapses: 46
Generation 36 | Best Fitness: 0.509999 | Neurons (hidden): 34 | Synapses: 46
Generation 37 | Best Fitness: 0.509999 | Neurons (hidden): 34 | Synapses: 46
Generation 38 | Best Fitness: 0.509999 | Neurons (hidden): 34 | Synapses: 46
Generation 39 | Best Fitness: 0.509999 | Neurons (hidden): 34 | Synapses: 46
Generation 40 | Best Fitness: 0.509999 | Neurons (hidden): 34 | Synapses: 46
Generation 41 | Best Fitness: 0.509999 | Neurons (hidden): 34 | Synapses: 46
Generation 42 | Best Fitness: 0.509999 | Neurons (hidden): 34 | Synapses: 46
Generation 43 | Best Fitness: 0.509999 | Neurons (hidden): 34 | Synapses: 46
Generation 44 | Best Fitness: 0.509999 | Neurons (hidden): 34 | Synapses: 46
Generation 45 | Best Fitness: 0.509999 | Neurons (hidden): 34 | Synapses: 46
Generation 46 | Best Fitness: 0.509999 | Neurons (hidden): 34 | Synapses: 46
Generation 47 | Best Fitness: 0.509999 | Neurons (hidden): 34 | Synapses: 46
Generation 48 | Best Fitness: 0.509999 | Neurons (hidden): 34 | Synapses: 46
Generation 49 | Best Fitness: 0.509999 | Neurons (hidden): 34 | Synapses: 46
Generation 50 | Best Fitness: 0.509999 | Neurons (hidden): 34 | Synapses: 46
Generation 51 | Best Fitness: 0.509999 | Neurons (hidden): 34 | Synapses: 46
Generation 52 | Best Fitness: 0.509999 | Neurons (hidden): 34 | Synapses: 46
Generation 53 | Best Fitness: 0.509999 | Neurons (hidden): 34 | Synapses: 46
Generation 54 | Best Fitness: 0.509999 | Neurons (hidden): 34 | Synapses: 46
Generation 55 | Best Fitness: 0.509999 | Neurons (hidden): 34 | Synapses: 46
Generation 56 | Best Fitness: 0.509999 | Neurons (hidden): 34 | Synapses: 46
Generation 57 | Best Fitness: 0.509999 | Neurons (hidden): 34 | Synapses: 46
Generation 58 | Best Fitness: 0.509999 | Neurons (hidden): 34 | Synapses: 46
Generation 59 | Best Fitness: 0.509999 | Neurons (hidden): 34 | Synapses: 46
Generation 60 | Best Fitness: 0.509999 | Neurons (hidden): 34 | Synapses: 46
Exported network: 43 neurons -> network-csvs/seed_2_neurons.csv, 46 synapses -> network-csvs/seed_2_synapses.csv
  [!] Checkpoint saved/overwritten successfully: network-csvs/seed_2
Generation 61 | Best Fitness: 0.509999 | Neurons (hidden): 34 | Synapses: 46
Generation 62 | Best Fitness: 0.509999 | Neurons (hidden): 34 | Synapses: 46
Generation 63 | Best Fitness: 0.509999 | Neurons (hidden): 34 | Synapses: 46
Generation 64 | Best Fitness: 0.509999 | Neurons (hidden): 34 | Synapses: 46
Generation 65 | Best Fitness: 0.509999 | Neurons (hidden): 34 | Synapses: 46
Generation 66 | Best Fitness: 0.509999 | Neurons (hidden): 34 | Synapses: 46
Generation 67 | Best Fitness: 0.509999 | Neurons (hidden): 34 | Synapses: 46
Generation 68 | Best Fitness: 0.509999 | Neurons (hidden): 34 | Synapses: 46
Generation 69 | Best Fitness: 0.509999 | Neurons (hidden): 34 | Synapses: 46
Generation 70 | Best Fitness: 0.509999 | Neurons (hidden): 34 | Synapses: 46
Generation 71 | Best Fitness: 0.509999 | Neurons (hidden): 34 | Synapses: 46
Generation 72 | Best Fitness: 0.509999 | Neurons (hidden): 34 | Synapses: 46
Generation 73 | Best Fitness: 0.509999 | Neurons (hidden): 34 | Synapses: 46
Generation 74 | Best Fitness: 0.509999 | Neurons (hidden): 34 | Synapses: 46
Generation 75 | Best Fitness: 0.509999 | Neurons (hidden): 34 | Synapses: 46
Generation 76 | Best Fitness: 0.509999 | Neurons (hidden): 34 | Synapses: 46
Generation 77 | Best Fitness: 0.509999 | Neurons (hidden): 34 | Synapses: 46
Generation 78 | Best Fitness: 0.509999 | Neurons (hidden): 34 | Synapses: 46
Generation 79 | Best Fitness: 0.509999 | Neurons (hidden): 34 | Synapses: 46
Generation 80 | Best Fitness: 0.509999 | Neurons (hidden): 34 | Synapses: 46
Generation 81 | Best Fitness: 0.509999 | Neurons (hidden): 34 | Synapses: 46
